
 primadi

 Start         Length     Name                   Class
 0001:00000000 000074E70H TEXT32                 CODE 32-bit
 0001:00074E70 000000004H SET1___CTOR_LIST__     CODE 32-bit
 0001:00074E74 000000000H SET2___CTOR_LIST__     CODE 32-bit
 0001:00074E74 000000004H SET3___CTOR_LIST__     CODE 32-bit
 0001:00074E78 000000004H SET1___DTOR_LIST__     CODE 32-bit
 0001:00074E7C 000000000H SET2___DTOR_LIST__     CODE 32-bit
 0001:00074E7C 000000004H SET3___DTOR_LIST__     CODE 32-bit
 0001:00074E80 000000004H SET1___crtinit1__      CODE 32-bit
 0001:00074E84 000000000H SET2___crtinit1__      CODE 32-bit
 0001:00074E84 000000004H SET3___crtinit1__      CODE 32-bit
 0001:00074E88 000000004H SET1___crtexit1__      CODE 32-bit
 0001:00074E8C 000000000H SET2___crtexit1__      CODE 32-bit
 0001:00074E8C 000000004H SET3___crtexit1__      CODE 32-bit
 0001:00074E90 000000000H ________TEXT           CODE 32-bit
 0002:00000000 00000474CH DATA32                 DATA 32-bit
 0002:00004750 000000000H ________DATA           DATA 32-bit
 0002:00004750 000001620H BSS32                  BSS 32-bit
 0002:00005D70 000001598H c_common               BSS 32-bit
 0002:00007310 000000000H ________BSS            BSS 32-bit

 Origin   Group
 0000:0   FLAT
 0002:0   DGROUP

 Address       Export                  Alias

 0001:0005E664 apc_application_begin_paint  apc_application_begin_paint
 0001:0005E728 apc_application_begin_paint_info  apc_application_begin_paint_info
 0001:0005E954 apc_application_close   apc_application_close
 0001:0005E798 apc_application_create  apc_application_create
 0001:0005E888 apc_application_destroy  apc_application_destroy
 0001:0005E98C apc_application_end_paint  apc_application_end_paint
 0001:0005EA0C apc_application_end_paint_info  apc_application_end_paint_info
 0001:0005EA7C apc_application_get_bitmap  apc_application_get_bitmap
 0001:0005EA30 apc_application_get_gui_info  apc_application_get_gui_info
 0001:0005EC9C apc_application_get_handle  apc_application_get_handle
 0001:0005ECC0 apc_application_get_os_info  apc_application_get_os_info
 0001:0005ED90 apc_application_get_size  apc_application_get_size
 0001:0005EDB8 apc_application_get_widget_from_point  apc_application_get_widget_from_point
 0001:0005EED4 apc_application_go      apc_application_go
 0001:0005EF74 apc_application_lock    apc_application_lock
 0001:0005EF80 apc_application_unlock  apc_application_unlock
 0001:0005EF8C apc_application_yield   apc_application_yield
 0001:0006B740 apc_beep                apc_beep
 0001:0006B79C apc_beep_tone           apc_beep_tone
 0001:000644E0 apc_clipboard_clear     apc_clipboard_clear
 0001:00064494 apc_clipboard_close     apc_clipboard_close
 0001:000643B0 apc_clipboard_create    apc_clipboard_create
 0001:00064BD4 apc_clipboard_deregister_format  apc_clipboard_deregister_format
 0001:000643FC apc_clipboard_destroy   apc_clipboard_destroy
 0001:000645B8 apc_clipboard_get_data  apc_clipboard_get_data
 0001:00064BF0 apc_clipboard_get_handle  apc_clipboard_get_handle
 0001:00064554 apc_clipboard_has_format  apc_clipboard_has_format
 0001:00064430 apc_clipboard_open      apc_clipboard_open
 0001:00064B80 apc_clipboard_register_format  apc_clipboard_register_format
 0001:00064978 apc_clipboard_set_data  apc_clipboard_set_data
 0001:0005EFF8 apc_component_create    apc_component_create
 0001:0005F03C apc_component_destroy   apc_component_destroy
 0001:0005F070 apc_component_fullname_changed_notify  apc_component_fullname_changed_notify
 0001:00070024 apc_cursor_get_pos      apc_cursor_get_pos
 0001:0007003C apc_cursor_get_size     apc_cursor_get_size
 0001:00070054 apc_cursor_get_visible  apc_cursor_get_visible
 0001:0006FF2C apc_cursor_set_pos      apc_cursor_set_pos
 0001:0006FF94 apc_cursor_set_size     apc_cursor_set_size
 0001:0006FFFC apc_cursor_set_visible  apc_cursor_set_visible
 0001:00065D0C apc_dbm_create          apc_dbm_create
 0001:00065DE8 apc_dbm_destroy         apc_dbm_destroy
 0001:00065F34 apc_dbm_get_handle      apc_dbm_get_handle
 0001:0006CC8C apc_deregister_event    apc_deregister_event
 0001:0006CC14 apc_deregister_hook     apc_deregister_hook
 0001:0006C08C apc_dl_export           apc_dl_export
 0001:0006C448 apc_fetch_resource      apc_fetch_resource
 0001:00066490 apc_file_attach         apc_file_attach
 0001:000664E0 apc_file_change_mask    apc_file_change_mask
 0001:000664C4 apc_file_detach         apc_file_detach
 0001:00073E94 apc_fonts               apc_fonts
 0001:000744FC apc_font_default        apc_font_default
 0001:000742B4 apc_font_encodings      apc_font_encodings
 0001:000747B0 apc_font_load           apc_font_load
 0001:000744B0 apc_font_pick           apc_font_pick
 0001:0006BFC4 apc_getdir              apc_getdir
 0001:000486E8 apc_get_application     apc_get_application
 0001:0006437C apc_get_standard_clipboards  apc_get_standard_clipboards
 0001:0006BF9C apc_get_user_name       apc_get_user_name
 0001:00066C7C apc_gp_arc              apc_gp_arc
 0001:00066F78 apc_gp_bar              apc_gp_bar
 0001:000671A0 apc_gp_chord            apc_gp_chord
 0001:00067040 apc_gp_clear            apc_gp_clear
 0001:00066B28 apc_gp_done             apc_gp_done
 0001:000674C0 apc_gp_draw_poly        apc_gp_draw_poly
 0001:00067684 apc_gp_draw_poly2       apc_gp_draw_poly2
 0001:00067844 apc_gp_ellipse          apc_gp_ellipse
 0001:00067A68 apc_gp_fill_chord       apc_gp_fill_chord
 0001:00067D50 apc_gp_fill_ellipse     apc_gp_fill_ellipse
 0001:00067E6C apc_gp_fill_poly        apc_gp_fill_poly
 0001:00067FF4 apc_gp_fill_sector      apc_gp_fill_sector
 0001:00068264 apc_gp_flood_fill       apc_gp_flood_fill
 0001:00069A44 apc_gp_get_back_color   apc_gp_get_back_color
 0001:00069A7C apc_gp_get_bpp          apc_gp_get_bpp
 0001:00069AC8 apc_gp_get_clip_rect    apc_gp_get_clip_rect
 0001:00069A90 apc_gp_get_color        apc_gp_get_color
 0001:000695F4 apc_gp_get_fill_pattern  apc_gp_get_fill_pattern
 0001:00069618 apc_gp_get_font_abc     apc_gp_get_font_abc
 0001:000683A8 apc_gp_get_handle       apc_gp_get_handle
 0001:00069B84 apc_gp_get_line_end     apc_gp_get_line_end
 0001:00069BD0 apc_gp_get_line_pattern  apc_gp_get_line_pattern
 0001:00069BBC apc_gp_get_line_width   apc_gp_get_line_width
 0001:00069C18 apc_gp_get_nearest_color  apc_gp_get_nearest_color
 0001:00069C4C apc_gp_get_physical_palette  apc_gp_get_physical_palette
 0001:00068330 apc_gp_get_pixel        apc_gp_get_pixel
 0001:00069DA0 apc_gp_get_region       apc_gp_get_region
 0001:00069F38 apc_gp_get_resolution   apc_gp_get_resolution
 0001:00069F68 apc_gp_get_rop          apc_gp_get_rop
 0001:00069FA0 apc_gp_get_rop2         apc_gp_get_rop2
 0001:0006A1C8 apc_gp_get_text_box     apc_gp_get_text_box
 0001:0006A2B4 apc_gp_get_text_opaque  apc_gp_get_text_opaque
 0001:00069FD8 apc_gp_get_text_out_baseline  apc_gp_get_text_out_baseline
 0001:0006A008 apc_gp_get_text_width   apc_gp_get_text_width
 0001:0006A2EC apc_gp_get_transform    apc_gp_get_transform
 0001:00066AD8 apc_gp_init             apc_gp_init
 0001:000683C0 apc_gp_line             apc_gp_line
 0001:00068588 apc_gp_put_image        apc_gp_put_image
 0001:000685B4 apc_gp_rectangle        apc_gp_rectangle
 0001:00068784 apc_gp_sector           apc_gp_sector
 0001:0006A390 apc_gp_set_back_color   apc_gp_set_back_color
 0001:0006A410 apc_gp_set_clip_rect    apc_gp_set_clip_rect
 0001:0006A550 apc_gp_set_color        apc_gp_set_color
 0001:0006A9E0 apc_gp_set_fill_pattern  apc_gp_set_fill_pattern
 0001:0006AD64 apc_gp_set_font         apc_gp_set_font
 0001:0006B058 apc_gp_set_line_end     apc_gp_set_line_end
 0001:0006B1D0 apc_gp_set_line_pattern  apc_gp_set_line_pattern
 0001:0006B0D8 apc_gp_set_line_width   apc_gp_set_line_width
 0001:0006B39C apc_gp_set_palette      apc_gp_set_palette
 0001:00068A2C apc_gp_set_pixel        apc_gp_set_pixel
 0001:0006B3A4 apc_gp_set_region       apc_gp_set_region
 0001:0006B4C0 apc_gp_set_rop          apc_gp_set_rop
 0001:0006B540 apc_gp_set_rop2         apc_gp_set_rop2
 0001:0006B6BC apc_gp_set_text_opaque  apc_gp_set_text_opaque
 0001:0006B6E8 apc_gp_set_text_out_baseline  apc_gp_set_text_out_baseline
 0001:0006B5C0 apc_gp_set_transform    apc_gp_set_transform
 0001:00068ECC apc_gp_stretch_image    apc_gp_stretch_image
 0001:000693D4 apc_gp_text_out         apc_gp_text_out
 0001:00065794 apc_image_begin_paint   apc_image_begin_paint
 0001:00065A4C apc_image_begin_paint_info  apc_image_begin_paint_info
 0001:00065758 apc_image_create        apc_image_create
 0001:00065780 apc_image_destroy       apc_image_destroy
 0001:00065AB4 apc_image_end_paint     apc_image_end_paint
 0001:00065C30 apc_image_end_paint_info  apc_image_end_paint_info
 0001:00065CF4 apc_image_get_handle    apc_image_get_handle
 0001:0006576C apc_image_update_change  apc_image_update_change
 0001:0005A69C apc_img_codecs          apc_img_codecs
 0001:00056BEC apc_img_done            apc_img_done
 0001:00059040 apc_img_frame_count     apc_img_frame_count
 0001:0005A960 apc_img_info2hash       apc_img_info2hash
 0001:00056B94 apc_img_init            apc_img_init
 0001:00056FF8 apc_img_load            apc_img_load
 0001:00056D34 apc_img_profile_add     apc_img_profile_add
 0001:0005A708 apc_img_read_palette    apc_img_read_palette
 0001:00056C58 apc_img_register        apc_img_register
 0001:000596A4 apc_img_save            apc_img_save
 0001:000630BC apc_kbd_get_state       apc_kbd_get_state
 0001:00072004 apc_lookup_color        apc_lookup_color
 0001:0006333C apc_menu_create         apc_menu_create
 0001:0006340C apc_menu_default_font   apc_menu_default_font
 0001:00063398 apc_menu_destroy        apc_menu_destroy
 0001:000634C8 apc_menu_get_color      apc_menu_get_color
 0001:0006345C apc_menu_get_font       apc_menu_get_font
 0001:000639E0 apc_menu_get_handle     apc_menu_get_handle
 0001:00063668 apc_menu_item_delete    apc_menu_item_delete
 0001:00063750 apc_menu_item_set_accel  apc_menu_item_set_accel
 0001:000637D0 apc_menu_item_set_check  apc_menu_item_set_check
 0001:00063814 apc_menu_item_set_enabled  apc_menu_item_set_enabled
 0001:000638E4 apc_menu_item_set_image  apc_menu_item_set_image
 0001:000638D8 apc_menu_item_set_key   apc_menu_item_set_key
 0001:00063858 apc_menu_item_set_text  apc_menu_item_set_text
 0001:00063538 apc_menu_set_color      apc_menu_set_color
 0001:000635D8 apc_menu_set_font       apc_menu_set_font
 0001:000639F8 apc_menu_update         apc_menu_update
 0001:00063D28 apc_message             apc_message
 0001:0006F63C apc_pointer_get_bitmap  apc_pointer_get_bitmap
 0001:0006F3F0 apc_pointer_get_hot_spot  apc_pointer_get_hot_spot
 0001:0006F2F8 apc_pointer_get_pos     apc_pointer_get_pos
 0001:0006F474 apc_pointer_get_shape   apc_pointer_get_shape
 0001:0006F44C apc_pointer_get_size    apc_pointer_get_size
 0001:0006FE08 apc_pointer_get_state   apc_pointer_get_state
 0001:0006F488 apc_pointer_get_visible  apc_pointer_get_visible
 0001:0006F368 apc_pointer_set_pos     apc_pointer_set_pos
 0001:0006F49C apc_pointer_set_shape   apc_pointer_set_shape
 0001:0006FC98 apc_pointer_set_user    apc_pointer_set_user
 0001:0006F59C apc_pointer_set_visible  apc_pointer_set_visible
 0001:00063CC8 apc_popup               apc_popup
 0001:00063C58 apc_popup_create        apc_popup_create
 0001:00063CB8 apc_popup_default_font  apc_popup_default_font
 0001:00071204 apc_prn_abort_doc       apc_prn_abort_doc
 0001:00070B24 apc_prn_begin_doc       apc_prn_begin_doc
 0001:00070E24 apc_prn_begin_paint_info  apc_prn_begin_paint_info
 0001:000706BC apc_prn_create          apc_prn_create
 0001:00070A3C apc_prn_destroy         apc_prn_destroy
 0001:00071090 apc_prn_end_doc         apc_prn_end_doc
 0001:00071148 apc_prn_end_paint_info  apc_prn_end_paint_info
 0001:000703A4 apc_prn_enumerate       apc_prn_enumerate
 0001:00070814 apc_prn_get_default     apc_prn_get_default
 0001:000715B4 apc_prn_get_handle      apc_prn_get_handle
 0001:0007159C apc_prn_get_resolution  apc_prn_get_resolution
 0001:00070800 apc_prn_get_selected    apc_prn_get_selected
 0001:000708A8 apc_prn_get_size        apc_prn_get_size
 0001:0007118C apc_prn_new_page        apc_prn_new_page
 0001:000706C8 apc_prn_select          apc_prn_select
 0001:0007130C apc_prn_setup           apc_prn_setup
 0001:0006B7BC apc_query_drives_map    apc_query_drives_map
 0001:0006BC0C apc_query_drive_type    apc_query_drive_type
 0001:0006CC38 apc_register_event      apc_register_event
 0001:0006CBF0 apc_register_hook       apc_register_hook
 0001:000640FC apc_show_message        apc_show_message
 0001:0006C3A8 apc_system_action       apc_system_action
 0001:00074548 apc_sys_get_caption_font  apc_sys_get_caption_font
 0001:0006C1BC apc_sys_get_insert_mode  apc_sys_get_insert_mode
 0001:000745A4 apc_sys_get_msg_font    apc_sys_get_msg_font
 0001:0006C200 apc_sys_get_value       apc_sys_get_value
 0001:0006C1CC apc_sys_set_insert_mode  apc_sys_set_insert_mode
 0001:00074948 apc_timer_create        apc_timer_create
 0001:00074ABC apc_timer_destroy       apc_timer_destroy
 0001:00074C68 apc_timer_get_handle    apc_timer_get_handle
 0001:00074B4C apc_timer_get_timeout   apc_timer_get_timeout
 0001:00074B60 apc_timer_set_timeout   apc_timer_set_timeout
 0001:00074BDC apc_timer_start         apc_timer_start
 0001:00074C44 apc_timer_stop          apc_timer_stop
 0001:000612BC apc_widget_begin_paint  apc_widget_begin_paint
 0001:000617B4 apc_widget_begin_paint_info  apc_widget_begin_paint_info
 0001:000610B0 apc_widget_create       apc_widget_create
 0001:00061A2C apc_widget_default_font  apc_widget_default_font
 0001:000618F0 apc_widget_destroy      apc_widget_destroy
 0001:00061A88 apc_widget_end_paint    apc_widget_end_paint
 0001:00061DDC apc_widget_end_paint_info  apc_widget_end_paint_info
 0001:00061E6C apc_widget_get_clip_owner  apc_widget_get_clip_owner
 0001:00061E80 apc_widget_get_color    apc_widget_get_color
 0001:00061F20 apc_widget_get_first_click  apc_widget_get_first_click
 0001:00061F34 apc_widget_get_focused  apc_widget_get_focused
 0001:00061F48 apc_widget_get_handle   apc_widget_get_handle
 0001:00061F98 apc_widget_get_invalid_rect  apc_widget_get_invalid_rect
 0001:00061F7C apc_widget_get_parent_handle  apc_widget_get_parent_handle
 0001:00061FF4 apc_widget_get_pos      apc_widget_get_pos
 0001:000621F8 apc_widget_get_shape    apc_widget_get_shape
 0001:0006208C apc_widget_get_size     apc_widget_get_size
 0001:00062200 apc_widget_get_sync_paint  apc_widget_get_sync_paint
 0001:00062214 apc_widget_get_transparent  apc_widget_get_transparent
 0001:00062130 apc_widget_get_z_order  apc_widget_get_z_order
 0001:00062334 apc_widget_invalidate_rect  apc_widget_invalidate_rect
 0001:00062228 apc_widget_is_captured  apc_widget_is_captured
 0001:00062270 apc_widget_is_enabled   apc_widget_is_enabled
 0001:00062304 apc_widget_is_exposed   apc_widget_is_exposed
 0001:000622AC apc_widget_is_focused   apc_widget_is_focused
 0001:00062284 apc_widget_is_responsive  apc_widget_is_responsive
 0001:000622D4 apc_widget_is_showing   apc_widget_is_showing
 0001:000622C0 apc_widget_is_visible   apc_widget_is_visible
 0001:00061084 apc_widget_map_color    apc_widget_map_color
 0001:00061004 apc_widget_map_points   apc_widget_map_points
 0001:000623F8 apc_widget_scroll       apc_widget_scroll
 0001:0006239C apc_widget_set_capture  apc_widget_set_capture
 0001:000624B8 apc_widget_set_color    apc_widget_set_color
 0001:000625C0 apc_widget_set_enabled  apc_widget_set_enabled
 0001:000626A4 apc_widget_set_first_click  apc_widget_set_first_click
 0001:000626D0 apc_widget_set_focused  apc_widget_set_focused
 0001:00062730 apc_widget_set_font     apc_widget_set_font
 0001:000627F0 apc_widget_set_palette  apc_widget_set_palette
 0001:000627F8 apc_widget_set_pos      apc_widget_set_pos
 0001:00062EB8 apc_widget_set_shape    apc_widget_set_shape
 0001:000629B8 apc_widget_set_size     apc_widget_set_size
 0001:00062EC0 apc_widget_set_visible  apc_widget_set_visible
 0001:00062F94 apc_widget_set_z_order  apc_widget_set_z_order
 0001:00063014 apc_widget_update       apc_widget_update
 0001:00063064 apc_widget_validate_rect  apc_widget_validate_rect
 0001:0005FD88 apc_window_activate     apc_window_activate
 0001:0005FEAC apc_window_close        apc_window_close
 0001:0005F924 apc_window_create       apc_window_create
 0001:00060EF8 apc_window_end_modal    apc_window_end_modal
 0001:00060E3C apc_window_execute      apc_window_execute
 0001:00060ED8 apc_window_execute_shared  apc_window_execute_shared
 0001:0005FE64 apc_window_get_active   apc_window_get_active
 0001:0005FF24 apc_window_get_border_icons  apc_window_get_border_icons
 0001:0005FF38 apc_window_get_border_style  apc_window_get_border_style
 0001:00060014 apc_window_get_client_pos  apc_window_get_client_pos
 0001:000600C8 apc_window_get_client_size  apc_window_get_client_size
 0001:00060138 apc_window_get_icon     apc_window_get_icon
 0001:000601B4 apc_window_get_task_listed  apc_window_get_task_listed
 0001:000601C8 apc_window_get_window_state  apc_window_get_window_state
 0001:0005FE1C apc_window_is_active    apc_window_is_active
 0001:00060258 apc_window_set_caption  apc_window_set_caption
 0001:000608A8 apc_window_set_client_pos  apc_window_set_client_pos
 0001:000602F0 apc_window_set_client_size  apc_window_set_client_size
 0001:00060B64 apc_window_set_icon     apc_window_set_icon
 0001:00060A3C apc_window_set_menu     apc_window_set_menu
 0001:00060BBC apc_window_set_window_state  apc_window_set_window_state
 0001:0004818C boot_Prima              boot_Prima
 0001:000469B4 build_dynamic_vmt       build_dynamic_vmt
 0001:00046A40 build_static_vmt        build_static_vmt
 0001:00045854 bzero                   bzero
 0001:00046D5C call_perl               call_perl
 0001:00046DFC call_perl_indirect      call_perl_indirect
 0001:00045898 clean_perl_call_method  clean_perl_call_method
 0001:00045AF4 clean_perl_call_pv      clean_perl_call_pv
 0001:00045DC8 create_mate             create_mate
 0001:000485F8 create_object           create_object
 0001:00048390 ctx_remap_def           ctx_remap_def
 0001:00046D94 cv_call_perl            cv_call_perl
 0001:00048EC0 debug_write             debug_write
 0001:0004575C duplicate_string        duplicate_string
 0001:00045D50 eval                    eval
 0001:00045EB4 gimme_the_mate          gimme_the_mate
 0001:00046AC4 gimme_the_vmt           gimme_the_vmt
 0001:0004613C kill_zombies            kill_zombies
 0001:000462F4 kind_of                 kind_of
 0001:000489C8 list_add                list_add
 0001:00048B28 list_at                 list_at
 0001:000488F8 list_create             list_create
 0001:00048AD0 list_delete             list_delete
 0001:00048BDC list_delete_all         list_delete_all
 0001:00048AEC list_delete_at          list_delete_at
 0001:00048980 list_destroy            list_destroy
 0001:00048B4C list_first_that         list_first_that
 0001:00048AA0 list_index_of           list_index_of
 0001:00048A44 list_insert_at          list_insert_at
 0001:00046D14 notify_perl             notify_perl
 0001:0001B450 Object_create           Object_create
 0001:0001B9F4 Object_destroy          Object_destroy
 0001:00047824 parse_hv                parse_hv
 0001:00048958 plist_create            plist_create
 0001:000489AC plist_destroy           plist_destroy
 0001:00047DB8 pop_hv_for_REDEFINED    pop_hv_for_REDEFINED
 0001:00048C20 prima_hash_create       prima_hash_create
 0001:00048CF4 prima_hash_delete       prima_hash_delete
 0001:00048C2C prima_hash_destroy      prima_hash_destroy
 0001:00048C94 prima_hash_fetch        prima_hash_fetch
 0001:00048E08 prima_hash_first_that   prima_hash_first_that
 0001:00048D84 prima_hash_store        prima_hash_store
 0001:000457A4 prima_mallocz           prima_mallocz
 0001:000457CC prima_normalize_resource_string  prima_normalize_resource_string
 0001:0004616C protect_object          protect_object
 0001:00047934 push_hv                 push_hv
 0001:00047B7C push_hv_for_REDEFINED   push_hv_for_REDEFINED
 0001:00046320 query_method            query_method
 0001:00046D78 sv_call_perl            sv_call_perl
 0001:00046340 sv_query_method         sv_query_method
 0002:00006CA8 temporary_prf_Sv        temporary_prf_Sv
 0001:00046180 unprotect_object        unprotect_object

Program entry point at 0001:00000000
